Log of benchmarks for parsing file: wordnet_glossary-20010201.rdf

2026 17 JUL 10:53 -- Using section_state instead of in_cdata_section
wordnet_glossary-20010201.rdf: eXpat passes = 34; Xpact-core passes = 52 (x1.53 to eXpat)

2026 23 JUL 18:12
wordnet_glossary-20010201.rdf: eXpat passes = 34; Xpact-core passes = 48 (x1.41 to eXpat)

2026 23 JUL 23:09
-- experiment with tag_name_stack
wordnet_glossary-20010201.rdf: eXpat passes = 34; Xpact-core passes = 48 (x1.41 to eXpat)

2026 24 JUL 19:29
wordnet_glossary-20010201.rdf: eXpat passes = 34; Xpact-core passes = 49 (x1.44 to eXpat)

2026 25 JUL 7:40
wordnet_glossary-20010201.rdf: eXpat passes = 34; Xpact-core passes = 50 (x1.47 to eXpat)

2026 25 JUL 9:58
wordnet_glossary-20010201.rdf: eXpat passes = 33; Xpact-core passes = 50 (x1.52 to eXpat)

2026 25 JUL 10:04
wordnet_glossary-20010201.rdf: eXpat passes = 33; Xpact-core passes = 51 (x1.55 to eXpat)

2026 26 JUL 12:30
wordnet_glossary-20010201.rdf: eXpat passes = 34; Xpact-core passes = 50 (x1.47 to eXpat)

2026 27 JUL 20:00
wordnet_glossary-20010201.rdf: eXpat passes = 34; Xpact-core passes = 51 (x1.50 to eXpat)

2026 29 JUL 14:03
wordnet_glossary-20010201.rdf: eXpat passes = 34; Xpact-core passes = 49 (x1.44 to eXpat)

2026 30 JUL 19:14
wordnet_glossary-20010201.rdf: eXpat passes = 33; Xpact-core passes = 49 (x1.48 to eXpat)

2026 31 JUL 12:04
wordnet_glossary-20010201.rdf: eXpat passes = 33; Xpact-core passes = 50 (x1.52 to eXpat)

2026 31 JUL 14:39
wordnet_glossary-20010201.rdf: eXpat passes = 34; Xpact-core passes = 50 (x1.47 to eXpat)

2026 03 AUG 8:59
wordnet_glossary-20010201.rdf: eXpat passes = 34; Xpact-core passes = 51 (x1.50 to eXpat)

2026 04 AUG 10:33
wordnet_glossary-20010201.rdf: eXpat passes = 34; Xpact-core passes = 49 (x1.44 to eXpat)

2026 04 AUG 23:00
wordnet_glossary-20010201.rdf: eXpat passes = 34; Xpact-core passes = 48 (x1.41 to eXpat)

2026 04 AUG 23:06
wordnet_glossary-20010201.rdf: eXpat passes = 34; Xpact-core passes = 48 (x1.41 to eXpat)

2026 04 AUG 23:21
wordnet_glossary-20010201.rdf: eXpat passes = 34; Xpact-core passes = 48 (x1.41 to eXpat)

2026 07 AUG 8:00
wordnet_glossary-20010201.rdf: eXpat passes = 34; Xpact-core passes = 51 (x1.50 to eXpat)

2026 08 AUG 10:53
wordnet_glossary-20010201.rdf: eXpat passes = 34; Xpact-core passes = 51 (x1.50 to eXpat)

2026 08 AUG 17:50
wordnet_glossary-20010201.rdf: eXpat passes = 34; Xpact-core passes = 47 (x1.38 to eXpat)

2026 08 AUG 18:36
wordnet_glossary-20010201.rdf: eXpat passes = 34; Xpact-core passes = 47 (x1.38 to eXpat)

2026 10 AUG 10:48
wordnet_glossary-20010201.rdf: eXpat passes = 34; Xpact-core passes = 46 (x1.35 to eXpat)

2026 10 AUG 13:19
wordnet_glossary-20010201.rdf: eXpat passes = 34; Xpact-core passes = 46 (x1.35 to eXpat)

2026 10 AUG 22:34
wordnet_glossary-20010201.rdf: eXpat passes = 34; Xpact-core passes = 43 (x1.26 to eXpat)

2026 10 AUG 22:37
wordnet_glossary-20010201.rdf: eXpat passes = 34; Xpact-core passes = 43 (x1.26 to eXpat)

2026 10 AUG 22:40
wordnet_glossary-20010201.rdf: eXpat passes = 33; Xpact-core passes = 45 (x1.36 to eXpat)

2026 10 AUG 22:44
wordnet_glossary-20010201.rdf: eXpat passes = 34; Xpact-core passes = 45 (x1.32 to eXpat)

2026 10 AUG 22:50
wordnet_glossary-20010201.rdf: eXpat passes = 34; Xpact-core passes = 45 (x1.32 to eXpat)

2026 10 AUG 23:17
wordnet_glossary-20010201.rdf: eXpat passes = 34; Xpact-core passes = 44 (x1.29 to eXpat)

2026 10 AUG 23:42
wordnet_glossary-20010201.rdf: eXpat passes = 34; Xpact-core passes = 44 (x1.29 to eXpat)

2026 11 AUG 8:11
Proved better distribution if you use character after ':' to calculate name table hash
wordnet_glossary-20010201.rdf: eXpat passes = 34; Xpact-core passes = 45 (x1.32 to eXpat)

2026 11 AUG 9:25
wordnet_glossary-20010201.rdf: eXpat passes = 33; Xpact-core passes = 41 (x1.24 to eXpat)

2026 11 AUG 9:26
wordnet_glossary-20010201.rdf: eXpat passes = 34; Xpact-core passes = 45 (x1.32 to eXpat)

2026 14 AUG 19:24
wordnet_glossary-20010201.rdf: eXpat passes = 34; Xpact-core passes = 44 (x1.29 to eXpat)

2026 14 AUG 19:43
Removed XT_ATTRIBUTE_NAME_CACHE, no difference in performance
wordnet_glossary-20010201.rdf: eXpat passes = 34; Xpact-core passes = 44 (x1.29 to eXpat)

2026 17 AUG 9:01
wordnet_glossary-20010201.rdf: eXpat passes = 34; Xpact-core passes = 43 (x1.26 to eXpat)

2026 17 AUG 16:23
wordnet_glossary-20010201.rdf: eXpat passes = 34; Xpact-core passes = 42 (x1.24 to eXpat)
