Log of benchmarks for parsing file: vision2.ecf

2026 17 JUL 9:40
vision2.ecf: eXpat passes = 29907; Xpact-core passes = 43463 (x1.45 to eXpat)

2026 20 JUL 8:47 -- Using section_state instead of in_cdata_section
vision2.ecf: eXpat passes = 30087; Xpact-core passes = 42584 (x1.42 to eXpat)

2026 24 JUL 19:25
vision2.ecf: eXpat passes = 30051; Xpact-core passes = 40334 (x1.34 to eXpat)

2026 25 JUL 6:53
vision2.ecf: eXpat passes = 29834; Xpact-core passes = 41781 (x1.40 to eXpat)

2026 25 JUL 7:21
vision2.ecf: eXpat passes = 29976; Xpact-core passes = 41507 (x1.38 to eXpat)

2026 25 JUL 10:00
vision2.ecf: eXpat passes = 30207; Xpact-core passes = 41755 (x1.38 to eXpat)

2026 25 JUL 10:09
vision2.ecf: eXpat passes = 30146; Xpact-core passes = 41543 (x1.38 to eXpat)

2026 26 JUL 12:30
vision2.ecf: eXpat passes = 29965; Xpact-core passes = 41468 (x1.38 to eXpat)

2026 27 JUL 19:55
vision2.ecf: eXpat passes = 29972; Xpact-core passes = 41158 (x1.37 to eXpat)

2026 29 JUL 13:58
vision2.ecf: eXpat passes = 29967; Xpact-core passes = 37472 (x1.25 to eXpat)

2026 30 JUL 19:09
vision2.ecf: eXpat passes = 30028; Xpact-core passes = 43054 (x1.43 to eXpat)

2026 31 JUL 10:20
vision2.ecf: eXpat passes = 29934; Xpact-core passes = 131426 (x4.39 to eXpat)

2026 31 JUL 11:21
vision2.ecf: eXpat passes = 30037; Xpact-core passes = 130788 (x4.35 to eXpat)

2026 31 JUL 12:00
vision2.ecf: eXpat passes = 29745; Xpact-core passes = 44391 (x1.49 to eXpat)

2026 31 JUL 14:33
vision2.ecf: eXpat passes = 29794; Xpact-core passes = 43717 (x1.47 to eXpat)

2026 31 JUL 14:35
vision2.ecf: eXpat passes = 30030; Xpact-core passes = 43946 (x1.46 to eXpat)

2026 03 AUG 8:54
vision2.ecf: eXpat passes = 29283; Xpact-core passes = 43217 (x1.48 to eXpat)

2026 04 AUG 10:29
vision2.ecf: eXpat passes = 29903; Xpact-core passes = 42354 (x1.42 to eXpat)

2026 07 AUG 7:56
vision2.ecf: eXpat passes = 30108; Xpact-core passes = 43973 (x1.46 to eXpat)

2026 08 AUG 18:45
vision2.ecf: eXpat passes = 29905; Xpact-core passes = 40298 (x1.35 to eXpat)

2026 10 AUG 10:44
vision2.ecf: eXpat passes = 29752; Xpact-core passes = 39341 (x1.32 to eXpat)

2026 10 AUG 13:14
vision2.ecf: eXpat passes = 30206; Xpact-core passes = 37873 (x1.25 to eXpat)

2026 10 AUG 23:43
vision2.ecf: eXpat passes = 29718; Xpact-core passes = 37726 (x1.27 to eXpat)

2026 17 AUG 8:56
vision2.ecf: eXpat passes = 30083; Xpact-core passes = 34921 (x1.16 to eXpat)

2026 20 AUG 19:27
vision2.ecf: eXpat passes = 29984; Xpact-core passes = 35946 (x1.20 to eXpat)

2026 27 AUG 10:38
vision2.ecf: eXpat passes = 29948; Xpact-core passes = 36266 (x1.21 to eXpat)

2026 29 AUG 16:47
vision2.ecf: eXpat passes = 30361; Xpact-core passes = 32986 (x1.09 to eXpat)

2026 29 AUG 23:21
vision2.ecf: eXpat passes = 29460; Xpact-core passes = 36943 (x1.25 to eXpat)

2026 30 AUG 8:16
vision2.ecf: eXpat passes = 29860; Xpact-core passes = 34614 (x1.16 to eXpat)

2026 30 AUG 9:55
vision2.ecf: eXpat passes = 30136; Xpact-core passes = 37323 (x1.24 to eXpat)

2026 30 AUG 11:13
vision2.ecf: eXpat passes = 29934; Xpact-core passes = 37494 (x1.25 to eXpat)

2026 30 AUG 11:39
vision2.ecf: eXpat passes = 29580; Xpact-core passes = 37254 (x1.26 to eXpat)

2026 30 AUG 15:57
vision2.ecf: eXpat passes = 29723; Xpact-core passes = 37393 (x1.26 to eXpat)

2026 30 AUG 16:16
vision2.ecf: eXpat passes = 30062; Xpact-core passes = 37556 (x1.25 to eXpat)

2026 04 SEP 15:58
vision2.ecf: eXpat passes = 30079; Xpact-core passes = 36968 (x1.23 to eXpat)
