Log of benchmarks for parsing file: vision2.ecf

2026 17 JUL 9:40
vision2.ecf: eXpat passes = 29502; Xpact-core passes = 41533 (x1.41 to eXpat)

2026 20 JUL 8:47 -- Using section_state instead of in_cdata_section
vision2.ecf: eXpat passes = 29444; Xpact-core passes = 40903 (x1.39 to eXpat)

2026 24 JUL 19:25
vision2.ecf: eXpat passes = 29324; Xpact-core passes = 38321 (x1.31 to eXpat)

2026 25 JUL 6:53
vision2.ecf: eXpat passes = 29480; Xpact-core passes = 40349 (x1.37 to eXpat)

2026 25 JUL 7:21
vision2.ecf: eXpat passes = 29365; Xpact-core passes = 40054 (x1.36 to eXpat)

2026 25 JUL 10:00
vision2.ecf: eXpat passes = 29355; Xpact-core passes = 39896 (x1.36 to eXpat)

2026 25 JUL 10:09
vision2.ecf: eXpat passes = 29503; Xpact-core passes = 40395 (x1.37 to eXpat)

2026 26 JUL 12:31
vision2.ecf: eXpat passes = 29774; Xpact-core passes = 39494 (x1.33 to eXpat)

2026 27 JUL 19:56
vision2.ecf: eXpat passes = 29288; Xpact-core passes = 39024 (x1.33 to eXpat)

2026 29 JUL 13:58
vision2.ecf: eXpat passes = 29358; Xpact-core passes = 35909 (x1.22 to eXpat)

2026 30 JUL 19:09
vision2.ecf: eXpat passes = 29382; Xpact-core passes = 40168 (x1.37 to eXpat)

2026 31 JUL 10:20
vision2.ecf: eXpat passes = 29354; Xpact-core passes = 131714 (x4.49 to eXpat)

2026 31 JUL 11:21
vision2.ecf: eXpat passes = 29622; Xpact-core passes = 129761 (x4.38 to eXpat)

2026 31 JUL 12:00
vision2.ecf: eXpat passes = 29426; Xpact-core passes = 41804 (x1.42 to eXpat)

2026 31 JUL 14:33
vision2.ecf: eXpat passes = 29226; Xpact-core passes = 41793 (x1.43 to eXpat)

2026 31 JUL 14:35
vision2.ecf: eXpat passes = 29524; Xpact-core passes = 41646 (x1.41 to eXpat)

2026 03 AUG 8:55
vision2.ecf: eXpat passes = 29340; Xpact-core passes = 41236 (x1.41 to eXpat)

2026 04 AUG 10:29
vision2.ecf: eXpat passes = 29581; Xpact-core passes = 39427 (x1.33 to eXpat)

2026 07 AUG 7:56
vision2.ecf: eXpat passes = 29591; Xpact-core passes = 41335 (x1.40 to eXpat)

2026 08 AUG 18:46
vision2.ecf: eXpat passes = 29385; Xpact-core passes = 37983 (x1.29 to eXpat)

2026 10 AUG 10:44
vision2.ecf: eXpat passes = 29580; Xpact-core passes = 37612 (x1.27 to eXpat)

2026 10 AUG 13:15
vision2.ecf: eXpat passes = 29481; Xpact-core passes = 35640 (x1.21 to eXpat)

2026 10 AUG 23:43
vision2.ecf: eXpat passes = 29493; Xpact-core passes = 35686 (x1.21 to eXpat)

2026 17 AUG 8:56
vision2.ecf: eXpat passes = 29528; Xpact-core passes = 33184 (x1.12 to eXpat)

2026 20 AUG 19:27
vision2.ecf: eXpat passes = 29568; Xpact-core passes = 34429 (x1.16 to eXpat)

2026 27 AUG 10:39
vision2.ecf: eXpat passes = 29302; Xpact-core passes = 34983 (x1.19 to eXpat)

2026 29 AUG 16:48
vision2.ecf: eXpat passes = 29555; Xpact-core passes = 31696 (x1.07 to eXpat)

2026 29 AUG 23:21
vision2.ecf: eXpat passes = 29494; Xpact-core passes = 34924 (x1.18 to eXpat)

2026 30 AUG 8:16
vision2.ecf: eXpat passes = 29345; Xpact-core passes = 34958 (x1.19 to eXpat)

2026 30 AUG 9:55
vision2.ecf: eXpat passes = 29291; Xpact-core passes = 35652 (x1.22 to eXpat)

2026 30 AUG 11:13
vision2.ecf: eXpat passes = 29484; Xpact-core passes = 35823 (x1.21 to eXpat)

2026 30 AUG 11:39
vision2.ecf: eXpat passes = 29282; Xpact-core passes = 34946 (x1.19 to eXpat)

2026 30 AUG 15:57
vision2.ecf: eXpat passes = 29233; Xpact-core passes = 35727 (x1.22 to eXpat)

2026 30 AUG 16:16
vision2.ecf: eXpat passes = 29488; Xpact-core passes = 35838 (x1.22 to eXpat)

2026 04 SEP 15:58
vision2.ecf: eXpat passes = 29339; Xpact-core passes = 35162 (x1.20 to eXpat)
