Log of benchmarks for parsing file: vision2.ecf

2026 17 JUL 10:52 -- Using section_state instead of in_cdata_section
vision2.ecf: eXpat passes = 29295; Xpact-core passes = 38767 (x1.32 to eXpat)

2026 23 JUL 18:12
vision2.ecf: eXpat passes = 29358; Xpact-core passes = 36594 (x1.25 to eXpat)

2026 23 JUL 23:09
-- experiment with tag_name_stack
vision2.ecf: eXpat passes = 29295; Xpact-core passes = 35818 (x1.22 to eXpat)

2026 24 JUL 19:28
vision2.ecf: eXpat passes = 29320; Xpact-core passes = 36632 (x1.25 to eXpat)

2026 25 JUL 7:39
vision2.ecf: eXpat passes = 28972; Xpact-core passes = 37785 (x1.30 to eXpat)

2026 25 JUL 9:58
vision2.ecf: eXpat passes = 29101; Xpact-core passes = 37814 (x1.30 to eXpat)

2026 25 JUL 10:04
vision2.ecf: eXpat passes = 29270; Xpact-core passes = 38049 (x1.30 to eXpat)

2026 26 JUL 12:28
vision2.ecf: eXpat passes = 29350; Xpact-core passes = 37488 (x1.28 to eXpat)

2026 26 JUL 12:30
vision2.ecf: eXpat passes = 29117; Xpact-core passes = 37891 (x1.30 to eXpat)

2026 27 JUL 19:59
vision2.ecf: eXpat passes = 29391; Xpact-core passes = 37368 (x1.27 to eXpat)

2026 29 JUL 14:02
vision2.ecf: eXpat passes = 29044; Xpact-core passes = 34316 (x1.18 to eXpat)

2026 30 JUL 19:13
vision2.ecf: eXpat passes = 28798; Xpact-core passes = 38307 (x1.33 to eXpat)

2026 31 JUL 10:24
vision2.ecf: eXpat passes = 29146; Xpact-core passes = 128516 (x4.41 to eXpat)

2026 31 JUL 12:04
vision2.ecf: eXpat passes = 29343; Xpact-core passes = 39411 (x1.34 to eXpat)

2026 31 JUL 14:33
vision2.ecf: eXpat passes = 29053; Xpact-core passes = 38909 (x1.34 to eXpat)

2026 31 JUL 14:39
vision2.ecf: eXpat passes = 29269; Xpact-core passes = 38628 (x1.32 to eXpat)
