Log of benchmarks for parsing file: vision2.ecf

2026 17 JUL 9:40
vision2.ecf: eXpat passes = 28026; Xpact-core passes = 38205 (x1.36 to eXpat)

2026 20 JUL 8:47 -- Using section_state instead of in_cdata_section
vision2.ecf: eXpat passes = 28367; Xpact-core passes = 37414 (x1.32 to eXpat)

2026 24 JUL 19:25
vision2.ecf: eXpat passes = 27997; Xpact-core passes = 34479 (x1.23 to eXpat)

2026 25 JUL 6:53
vision2.ecf: eXpat passes = 27974; Xpact-core passes = 36182 (x1.29 to eXpat)

2026 25 JUL 7:21
vision2.ecf: eXpat passes = 28065; Xpact-core passes = 35961 (x1.28 to eXpat)

2026 25 JUL 10:00
vision2.ecf: eXpat passes = 27930; Xpact-core passes = 36122 (x1.29 to eXpat)

2026 25 JUL 10:09
vision2.ecf: eXpat passes = 27863; Xpact-core passes = 35456 (x1.27 to eXpat)

2026 26 JUL 12:31
vision2.ecf: eXpat passes = 27716; Xpact-core passes = 35497 (x1.28 to eXpat)

2026 27 JUL 19:55
vision2.ecf: eXpat passes = 27982; Xpact-core passes = 35656 (x1.27 to eXpat)

2026 29 JUL 13:58
vision2.ecf: eXpat passes = 27916; Xpact-core passes = 32914 (x1.18 to eXpat)

2026 30 JUL 19:09
vision2.ecf: eXpat passes = 27895; Xpact-core passes = 37531 (x1.35 to eXpat)

2026 31 JUL 10:20
vision2.ecf: eXpat passes = 28030; Xpact-core passes = 132719 (x4.73 to eXpat)

2026 31 JUL 11:21
vision2.ecf: eXpat passes = 27996; Xpact-core passes = 128386 (x4.59 to eXpat)

2026 31 JUL 11:59
vision2.ecf: eXpat passes = 27963; Xpact-core passes = 38724 (x1.38 to eXpat)

2026 31 JUL 14:33
vision2.ecf: eXpat passes = 27708; Xpact-core passes = 38282 (x1.38 to eXpat)

2026 31 JUL 14:35
vision2.ecf: eXpat passes = 27951; Xpact-core passes = 39107 (x1.40 to eXpat)

2026 03 AUG 8:54
vision2.ecf: eXpat passes = 28688; Xpact-core passes = 38336 (x1.34 to eXpat)

2026 04 AUG 10:29
vision2.ecf: eXpat passes = 27845; Xpact-core passes = 37453 (x1.35 to eXpat)

2026 07 AUG 7:56
vision2.ecf: eXpat passes = 27999; Xpact-core passes = 38958 (x1.39 to eXpat)

2026 08 AUG 18:45
vision2.ecf: eXpat passes = 27926; Xpact-core passes = 35991 (x1.29 to eXpat)

2026 10 AUG 10:44
vision2.ecf: eXpat passes = 28068; Xpact-core passes = 35441 (x1.26 to eXpat)

2026 10 AUG 13:14
vision2.ecf: eXpat passes = 27886; Xpact-core passes = 34341 (x1.23 to eXpat)

2026 10 AUG 23:43
vision2.ecf: eXpat passes = 27726; Xpact-core passes = 33715 (x1.22 to eXpat)

2026 17 AUG 8:56
vision2.ecf: eXpat passes = 28024; Xpact-core passes = 31816 (x1.14 to eXpat)

2026 20 AUG 19:27
vision2.ecf: eXpat passes = 27887; Xpact-core passes = 32344 (x1.16 to eXpat)

2026 27 AUG 10:38
vision2.ecf: eXpat passes = 28483; Xpact-core passes = 32777 (x1.15 to eXpat)

2026 29 AUG 16:47
vision2.ecf: eXpat passes = 27970; Xpact-core passes = 29777 (x1.06 to eXpat)

2026 29 AUG 23:21
vision2.ecf: eXpat passes = 27942; Xpact-core passes = 32704 (x1.17 to eXpat)

2026 30 AUG 8:16
vision2.ecf: eXpat passes = 27906; Xpact-core passes = 32460 (x1.16 to eXpat)

2026 30 AUG 9:55
vision2.ecf: eXpat passes = 27817; Xpact-core passes = 33949 (x1.22 to eXpat)

2026 30 AUG 11:13
vision2.ecf: eXpat passes = 28038; Xpact-core passes = 33934 (x1.21 to eXpat)

2026 30 AUG 11:39
vision2.ecf: eXpat passes = 27723; Xpact-core passes = 33127 (x1.19 to eXpat)

2026 30 AUG 15:57
vision2.ecf: eXpat passes = 27897; Xpact-core passes = 33606 (x1.20 to eXpat)

2026 30 AUG 16:16
vision2.ecf: eXpat passes = 27999; Xpact-core passes = 33964 (x1.21 to eXpat)
