Log of benchmarks for parsing file: nes96.xml

2026 29 JUN 18:41
nes96.xml: eXpat passes = 244; Xpact-core passes = 214 (x8.8 to eXpat)

2026 29 JUN 19:04
nes96.xml: eXpat passes = 243; Xpact-core passes = 215 (x0.88 to eXpat)

2026 29 JUN 19:09
nes96.xml: eXpat passes = 245; Xpact-core passes = 217 (x0.89 to eXpat)

2026 08 JUL 15:35
nes96.xml: eXpat passes = 247; Xpact-core passes = 271 (x1.10 to eXpat)

2026 08 JUL 15:37
nes96.xml: eXpat passes = 245; Xpact-core passes = 233 (x0.95 to eXpat)

2026 08 JUL 16:06
nes96.xml: eXpat passes = 246; Xpact-core passes = 275 (x1.12 to eXpat)

2026 08 JUL 18:43
nes96.xml: eXpat passes = 246; Xpact-core passes = 2 (x0.1 to eXpat)

2026 08 JUL 18:44
nes96.xml: eXpat passes = 247; Xpact-core passes = 272 (x1.10 to eXpat)

2026 09 JUL 10:02
nes96.xml: eXpat passes = 245; Xpact-core passes = 272 (x1.11 to eXpat)

2026 10 JUL 21:13
nes96.xml: eXpat passes = 246; Xpact-core passes = 248 (x1.01 to eXpat)

2026 10 JUL 21:18
nes96.xml: eXpat passes = 245; Xpact-core passes = 279 (x1.14 to eXpat)

2026 16 JUL 19:24
nes96.xml: eXpat passes = 244; Xpact-core passes = 273 (x1.12 to eXpat)

2026 17 JUL 10:52 -- Using section_state instead of in_cdata_section
nes96.xml: eXpat passes = 244; Xpact-core passes = 265 (x1.09 to eXpat)

2026 23 JUL 18:12
nes96.xml: eXpat passes = 245; Xpact-core passes = 268 (x1.09 to eXpat)

2026 23 JUL 23:09
-- experiment with tag_name_stack
nes96.xml: eXpat passes = 247; Xpact-core passes = 255 (x1.03 to eXpat)

2026 24 JUL 19:28
nes96.xml: eXpat passes = 245; Xpact-core passes = 270 (x1.10 to eXpat)

2026 25 JUL 7:39
nes96.xml: eXpat passes = 246; Xpact-core passes = 285 (x1.16 to eXpat)

2026 25 JUL 9:58
nes96.xml: eXpat passes = 245; Xpact-core passes = 287 (x1.17 to eXpat)

2026 25 JUL 10:04
nes96.xml: eXpat passes = 245; Xpact-core passes = 295 (x1.20 to eXpat)

2026 26 JUL 12:30
nes96.xml: eXpat passes = 245; Xpact-core passes = 290 (x1.18 to eXpat)

2026 27 JUL 19:59
nes96.xml: eXpat passes = 246; Xpact-core passes = 287 (x1.17 to eXpat)

2026 29 JUL 14:03
nes96.xml: eXpat passes = 247; Xpact-core passes = 284 (x1.15 to eXpat)

2026 30 JUL 19:14
nes96.xml: eXpat passes = 243; Xpact-core passes = 327 (x1.35 to eXpat)

2026 31 JUL 10:25
nes96.xml: eXpat passes = 244; Xpact-core passes = 150989 (x6.1881 to eXpat)

2026 31 JUL 12:04
nes96.xml: eXpat passes = 247; Xpact-core passes = 323 (x1.31 to eXpat)

2026 31 JUL 14:39
nes96.xml: eXpat passes = 246; Xpact-core passes = 325 (x1.32 to eXpat)

2026 03 AUG 8:58
nes96.xml: eXpat passes = 244; Xpact-core passes = 307 (x1.26 to eXpat)

2026 04 AUG 10:32
nes96.xml: eXpat passes = 246; Xpact-core passes = 295 (x1.20 to eXpat)

2026 04 AUG 23:00
nes96.xml: eXpat passes = 246; Xpact-core passes = 299 (x1.22 to eXpat)

2026 04 AUG 23:06
nes96.xml: eXpat passes = 246; Xpact-core passes = 301 (x1.22 to eXpat)

2026 04 AUG 23:21
nes96.xml: eXpat passes = 242; Xpact-core passes = 297 (x1.23 to eXpat)

2026 07 AUG 8:00
nes96.xml: eXpat passes = 246; Xpact-core passes = 300 (x1.22 to eXpat)

2026 08 AUG 10:53
nes96.xml: eXpat passes = 246; Xpact-core passes = 298 (x1.21 to eXpat)

2026 08 AUG 17:50
nes96.xml: eXpat passes = 245; Xpact-core passes = 290 (x1.18 to eXpat)

2026 08 AUG 18:36
nes96.xml: eXpat passes = 245; Xpact-core passes = 289 (x1.18 to eXpat)

2026 10 AUG 10:48
nes96.xml: eXpat passes = 246; Xpact-core passes = 280 (x1.14 to eXpat)
