Log of benchmarks for parsing file: nes96.xml

2026 16 JUL 19:22
nes96.xml: eXpat passes = 245; Xpact-core passes = 293 (x1.20 to eXpat)

2026 20 JUL 8:48 -- Using section_state instead of in_cdata_section
nes96.xml: eXpat passes = 246; Xpact-core passes = 300 (x1.22 to eXpat)

2026 24 JUL 19:26
nes96.xml: eXpat passes = 245; Xpact-core passes = 294 (x1.20 to eXpat)

2026 25 JUL 6:53
nes96.xml: eXpat passes = 245; Xpact-core passes = 315 (x1.29 to eXpat)

2026 25 JUL 7:22
nes96.xml: eXpat passes = 245; Xpact-core passes = 321 (x1.31 to eXpat)

2026 25 JUL 10:01
nes96.xml: eXpat passes = 243; Xpact-core passes = 316 (x1.30 to eXpat)

2026 25 JUL 10:10
nes96.xml: eXpat passes = 243; Xpact-core passes = 326 (x1.34 to eXpat)

2026 26 JUL 12:32
nes96.xml: eXpat passes = 243; Xpact-core passes = 322 (x1.33 to eXpat)

2026 27 JUL 19:57
nes96.xml: eXpat passes = 245; Xpact-core passes = 311 (x1.27 to eXpat)

2026 29 JUL 14:01
nes96.xml: eXpat passes = 246; Xpact-core passes = 316 (x1.28 to eXpat)

2026 30 JUL 19:11
nes96.xml: eXpat passes = 243; Xpact-core passes = 359 (x1.48 to eXpat)

2026 31 JUL 10:22
nes96.xml: eXpat passes = 247; Xpact-core passes = 153581 (x6.2179 to eXpat)

2026 31 JUL 12:02
nes96.xml: eXpat passes = 246; Xpact-core passes = 368 (x1.50 to eXpat)

2026 31 JUL 14:37
nes96.xml: eXpat passes = 246; Xpact-core passes = 377 (x1.53 to eXpat)

2026 03 AUG 8:56
nes96.xml: eXpat passes = 241; Xpact-core passes = 345 (x1.43 to eXpat)

2026 04 AUG 10:30
nes96.xml: eXpat passes = 247; Xpact-core passes = 346 (x1.40 to eXpat)

2026 07 AUG 7:58
nes96.xml: eXpat passes = 246; Xpact-core passes = 352 (x1.43 to eXpat)

2026 08 AUG 18:47
nes96.xml: eXpat passes = 243; Xpact-core passes = 334 (x1.37 to eXpat)

2026 10 AUG 10:46
nes96.xml: eXpat passes = 247; Xpact-core passes = 324 (x1.31 to eXpat)

2026 10 AUG 13:17
nes96.xml: eXpat passes = 246; Xpact-core passes = 317 (x1.29 to eXpat)

2026 10 AUG 23:46
nes96.xml: eXpat passes = 245; Xpact-core passes = 311 (x1.27 to eXpat)

2026 17 AUG 8:59
nes96.xml: eXpat passes = 246; Xpact-core passes = 305 (x1.24 to eXpat)
