Log of benchmarks for parsing file: recset.xml

2026 16 JUL 19:22
recset.xml: eXpat passes = 18; Xpact-core passes = 29 (x1.61 to eXpat)

2026 20 JUL 8:48 -- Using section_state instead of in_cdata_section
recset.xml: eXpat passes = 19; Xpact-core passes = 29 (x1.53 to eXpat)

2026 24 JUL 19:26
recset.xml: eXpat passes = 18; Xpact-core passes = 30 (x1.67 to eXpat)

2026 25 JUL 6:54
recset.xml: eXpat passes = 18; Xpact-core passes = 30 (x1.67 to eXpat)

2026 25 JUL 7:23
recset.xml: eXpat passes = 18; Xpact-core passes = 32 (x1.78 to eXpat)

2026 25 JUL 10:01
recset.xml: eXpat passes = 18; Xpact-core passes = 32 (x1.78 to eXpat)

2026 25 JUL 10:10
recset.xml: eXpat passes = 18; Xpact-core passes = 31 (x1.72 to eXpat)

2026 26 JUL 12:32
recset.xml: eXpat passes = 19; Xpact-core passes = 31 (x1.63 to eXpat)

2026 27 JUL 19:58
recset.xml: eXpat passes = 18; Xpact-core passes = 31 (x1.72 to eXpat)

2026 29 JUL 14:02
recset.xml: eXpat passes = 18; Xpact-core passes = 30 (x1.67 to eXpat)

2026 30 JUL 19:13
recset.xml: eXpat passes = 18; Xpact-core passes = 34 (x1.89 to eXpat)

2026 31 JUL 10:24
recset.xml: eXpat passes = 18; Xpact-core passes = 153145 (x8.50806 to eXpat)

2026 31 JUL 12:03
recset.xml: eXpat passes = 18; Xpact-core passes = 35 (x1.94 to eXpat)

2026 31 JUL 14:38
recset.xml: eXpat passes = 18; Xpact-core passes = 34 (x1.89 to eXpat)

2026 03 AUG 8:58
recset.xml: eXpat passes = 18; Xpact-core passes = 33 (x1.83 to eXpat)

2026 04 AUG 10:32
recset.xml: eXpat passes = 18; Xpact-core passes = 32 (x1.78 to eXpat)

2026 07 AUG 7:59
recset.xml: eXpat passes = 18; Xpact-core passes = 33 (x1.83 to eXpat)

2026 08 AUG 18:49
recset.xml: eXpat passes = 18; Xpact-core passes = 26 (x1.44 to eXpat)

2026 10 AUG 10:47
recset.xml: eXpat passes = 19; Xpact-core passes = 17 (x0.89 to eXpat)

2026 10 AUG 13:18
recset.xml: eXpat passes = 18; Xpact-core passes = 22 (x1.22 to eXpat)

2026 10 AUG 23:47
recset.xml: eXpat passes = 18; Xpact-core passes = 22 (x1.22 to eXpat)

2026 17 AUG 9:00
recset.xml: eXpat passes = 19; Xpact-core passes = 22 (x1.16 to eXpat)

2026 20 AUG 19:30
recset.xml: eXpat passes = 18; Xpact-core passes = 22 (x1.22 to eXpat)
