Log of benchmarks for parsing file: recset.xml

2024 26 JUN 14:50
recset.xml: eXpat passes = 17; Xpact-core passes = 35 (x2.06 to eXpat)

2026 26 JUN 14:05
recset.xml: eXpat passes = 17; Xpact-core passes = 33 (x1.94 to eXpat)

2026 26 JUN 14:19
recset.xml: eXpat passes = 17; Xpact-core passes = 33 (x1.94 to eXpat)

2026 26 JUN 15:59
Using early tag_name lookup and argument pointers
recset.xml: eXpat passes = 17; Xpact-core passes = 30 (x1.76 to eXpat)

2026 26 JUN 16:53
recset.xml: eXpat passes = 17; Xpact-core passes = 33 (x1.94 to eXpat)

2026 26 JUN 19:03
recset.xml: eXpat passes = 17; Xpact-core passes = 33 (x1.94 to eXpat)

2026 26 JUN 19:40
recset.xml: eXpat passes = 17; Xpact-core passes = 33 (x1.94 to eXpat)

2026 26 JUN 19:46
recset.xml: eXpat passes = 17; Xpact-core passes = 32 (x1.88 to eXpat)

2026 29 JUN 15:08
recset.xml: eXpat passes = 17; Xpact-core passes = 32 (x1.88 to eXpat)

2026 29 JUN 18:25
recset.xml: eXpat passes = 17; Xpact-core passes = 30 (x1.76 to eXpat)

2026 29 JUN 18:41
recset.xml: eXpat passes = 17; Xpact-core passes = 30 (x1.76 to eXpat)

2026 08 JUL 15:35
recset.xml: eXpat passes = 17; Xpact-core passes = 32 (x1.88 to eXpat)

2026 08 JUL 15:37
recset.xml: eXpat passes = 17; Xpact-core passes = 31 (x1.82 to eXpat)

2026 08 JUL 16:06
recset.xml: eXpat passes = 17; Xpact-core passes = 31 (x1.82 to eXpat)

2026 08 JUL 18:44
recset.xml: eXpat passes = 17; Xpact-core passes = 31 (x1.82 to eXpat)

2026 09 JUL 10:02
recset.xml: eXpat passes = 17; Xpact-core passes = 31 (x1.82 to eXpat)

2026 10 JUL 21:13
recset.xml: eXpat passes = 17; Xpact-core passes = 32 (x1.88 to eXpat)

2026 10 JUL 21:18
recset.xml: eXpat passes = 17; Xpact-core passes = 32 (x1.88 to eXpat)

2026 16 JUL 19:24
recset.xml: eXpat passes = 17; Xpact-core passes = 30 (x1.76 to eXpat)

2026 17 JUL 10:52
recset.xml: eXpat passes = 17; Xpact-core passes = 30 (x1.76 to eXpat)

2026 23 JUL 18:12
recset.xml: eXpat passes = 17; Xpact-core passes = 30 (x1.76 to eXpat)

2026 23 JUL 23:09
-- experiment with tag_name_stack
recset.xml: eXpat passes = 17; Xpact-core passes = 31 (x1.82 to eXpat)

2026 24 JUL 19:29
recset.xml: eXpat passes = 17; Xpact-core passes = 31 (x1.82 to eXpat)

2026 25 JUL 7:40
recset.xml: eXpat passes = 17; Xpact-core passes = 31 (x1.82 to eXpat)

2026 25 JUL 9:58
recset.xml: eXpat passes = 17; Xpact-core passes = 31 (x1.82 to eXpat)

2026 25 JUL 10:04
recset.xml: eXpat passes = 17; Xpact-core passes = 32 (x1.88 to eXpat)

2026 26 JUL 12:30
recset.xml: eXpat passes = 17; Xpact-core passes = 31 (x1.82 to eXpat)

2026 27 JUL 20:00
recset.xml: eXpat passes = 17; Xpact-core passes = 31 (x1.82 to eXpat)

2026 29 JUL 14:03
recset.xml: eXpat passes = 17; Xpact-core passes = 29 (x1.71 to eXpat)

2026 30 JUL 19:14
recset.xml: eXpat passes = 17; Xpact-core passes = 33 (x1.94 to eXpat)

2026 31 JUL 10:25
recset.xml: eXpat passes = 17; Xpact-core passes = 154768 (x9.10400 to eXpat)

2026 31 JUL 12:04
recset.xml: eXpat passes = 17; Xpact-core passes = 33 (x1.94 to eXpat)

2026 31 JUL 14:39
recset.xml: eXpat passes = 17; Xpact-core passes = 34 (x2.00 to eXpat)

2026 02 AUG 21:11
recset.xml: eXpat passes = 1; Xpact-core passes = 0 (x0.0 to eXpat)

2026 03 AUG 8:59
recset.xml: eXpat passes = 17; Xpact-core passes = 33 (x1.94 to eXpat)

2026 04 AUG 10:33
recset.xml: eXpat passes = 17; Xpact-core passes = 32 (x1.88 to eXpat)

2026 04 AUG 23:00
recset.xml: eXpat passes = 17; Xpact-core passes = 33 (x1.94 to eXpat)

2026 04 AUG 23:06
recset.xml: eXpat passes = 17; Xpact-core passes = 32 (x1.88 to eXpat)

2026 04 AUG 23:21
recset.xml: eXpat passes = 17; Xpact-core passes = 32 (x1.88 to eXpat)

2026 07 AUG 8:00
recset.xml: eXpat passes = 17; Xpact-core passes = 33 (x1.94 to eXpat)

2026 08 AUG 10:53
recset.xml: eXpat passes = 17; Xpact-core passes = 32 (x1.88 to eXpat)

2026 08 AUG 17:50
recset.xml: eXpat passes = 17; Xpact-core passes = 24 (x1.41 to eXpat)

2026 08 AUG 18:36
recset.xml: eXpat passes = 17; Xpact-core passes = 26 (x1.53 to eXpat)

2026 10 AUG 10:48
recset.xml: eXpat passes = 17; Xpact-core passes = 17 (x1.00 to eXpat)

2026 10 AUG 13:19
recset.xml: eXpat passes = 17; Xpact-core passes = 22 (x1.29 to eXpat)

2026 10 AUG 22:40
recset.xml: eXpat passes = 17; Xpact-core passes = 22 (x1.29 to eXpat)

2026 10 AUG 22:44
recset.xml: eXpat passes = 17; Xpact-core passes = 21 (x1.24 to eXpat)

2026 10 AUG 22:50
recset.xml: eXpat passes = 17; Xpact-core passes = 22 (x1.29 to eXpat)

2026 10 AUG 23:17
recset.xml: eXpat passes = 17; Xpact-core passes = 22 (x1.29 to eXpat)

2026 10 AUG 23:42
recset.xml: eXpat passes = 17; Xpact-core passes = 21 (x1.24 to eXpat)

2026 11 AUG 8:11
Proved better distribution if you use character after ':' to calculate name table hash
recset.xml: eXpat passes = 17; Xpact-core passes = 22 (x1.29 to eXpat)

2026 11 AUG 9:25
recset.xml: eXpat passes = 17; Xpact-core passes = 22 (x1.29 to eXpat)

2026 11 AUG 9:26
recset.xml: eXpat passes = 17; Xpact-core passes = 22 (x1.29 to eXpat)

2026 14 AUG 19:24
recset.xml: eXpat passes = 17; Xpact-core passes = 22 (x1.29 to eXpat)

2026 14 AUG 19:43
Removed XT_ATTRIBUTE_NAME_CACHE, no difference in performance
recset.xml: eXpat passes = 17; Xpact-core passes = 22 (x1.29 to eXpat)

2026 17 AUG 9:01
recset.xml: eXpat passes = 17; Xpact-core passes = 22 (x1.29 to eXpat)
