Log of benchmarks for parsing file: mandarin-names-and-text.xsl

2026 08 AUG 18:46
mandarin-names-and-text.xsl: eXpat passes = 1927; Xpact-core passes = 2745 (x1.42 to eXpat)

2026 10 AUG 10:44
mandarin-names-and-text.xsl: eXpat passes = 1937; Xpact-core passes = 2678 (x1.38 to eXpat)

2026 10 AUG 13:15
mandarin-names-and-text.xsl: eXpat passes = 1968; Xpact-core passes = 2603 (x1.32 to eXpat)

2026 10 AUG 23:44
mandarin-names-and-text.xsl: eXpat passes = 1946; Xpact-core passes = 2550 (x1.31 to eXpat)

2026 10 AUG 23:45
mandarin-names-and-text.xsl: eXpat passes = 1927; Xpact-core passes = 2561 (x1.33 to eXpat)

2026 17 AUG 8:57
mandarin-names-and-text.xsl: eXpat passes = 1922; Xpact-core passes = 2541 (x1.32 to eXpat)

2026 17 AUG 8:58
mandarin-names-and-text.xsl: eXpat passes = 1934; Xpact-core passes = 2530 (x1.31 to eXpat)

2026 20 AUG 19:27
mandarin-names-and-text.xsl: eXpat passes = 1933; Xpact-core passes = 2568 (x1.33 to eXpat)

2026 27 AUG 10:39
mandarin-names-and-text.xsl: eXpat passes = 1970; Xpact-core passes = 2676 (x1.36 to eXpat)

2026 29 AUG 16:48
mandarin-names-and-text.xsl: eXpat passes = 1936; Xpact-core passes = 2215 (x1.14 to eXpat)

2026 29 AUG 23:21
mandarin-names-and-text.xsl: eXpat passes = 1925; Xpact-core passes = 2569 (x1.33 to eXpat)

2026 29 AUG 23:56
Moved is_invalid_character from to XT_BUFFER_STRING_8 XT_UTF_8_VALIDATION
mandarin-names-and-text.xsl: eXpat passes = 1921; Xpact-core passes = 2547 (x1.33 to eXpat)

2026 30 AUG 8:16
mandarin-names-and-text.xsl: eXpat passes = 1937; Xpact-core passes = 2565 (x1.32 to eXpat)

2026 30 AUG 9:55
mandarin-names-and-text.xsl: eXpat passes = 1931; Xpact-core passes = 2729 (x1.41 to eXpat)

2026 30 AUG 11:13
mandarin-names-and-text.xsl: eXpat passes = 1931; Xpact-core passes = 2728 (x1.41 to eXpat)

2026 30 AUG 11:39
mandarin-names-and-text.xsl: eXpat passes = 1564; Xpact-core passes = 2662 (x1.70 to eXpat)

2026 30 AUG 15:57
mandarin-names-and-text.xsl: eXpat passes = 1976; Xpact-core passes = 2697 (x1.36 to eXpat)

2026 30 AUG 16:16
mandarin-names-and-text.xsl: eXpat passes = 1934; Xpact-core passes = 2684 (x1.39 to eXpat)

2026 04 SEP 15:58
mandarin-names-and-text.xsl: eXpat passes = 1933; Xpact-core passes = 2710 (x1.40 to eXpat)
