Log of benchmarks for parsing file: Legislation.xml

2026 16 JUL 18:14


2026 16 JUL 19:20
Legislation.xml: eXpat passes = 1313; Xpact-core passes = 1515 (x1.15 to eXpat)

2026 20 JUL 8:47 -- Using section_state instead of in_cdata_section
Legislation.xml: eXpat passes = 1308; Xpact-core passes = 1510 (x1.15 to eXpat)

2026 24 JUL 19:25
Legislation.xml: eXpat passes = 1314; Xpact-core passes = 1699 (x1.29 to eXpat)

2026 25 JUL 7:21
Legislation.xml: eXpat passes = 1314; Xpact-core passes = 1836 (x1.40 to eXpat)

2026 25 JUL 10:00
Legislation.xml: eXpat passes = 1313; Xpact-core passes = 1837 (x1.40 to eXpat)

2026 25 JUL 10:09
Legislation.xml: eXpat passes = 1306; Xpact-core passes = 1815 (x1.39 to eXpat)

2026 26 JUL 12:31
Legislation.xml: eXpat passes = 1292; Xpact-core passes = 1817 (x1.41 to eXpat)

2026 27 JUL 19:56
Legislation.xml: eXpat passes = 1318; Xpact-core passes = 1807 (x1.37 to eXpat)

2026 29 JUL 13:59
Legislation.xml: eXpat passes = 1327; Xpact-core passes = 1737 (x1.31 to eXpat)

2026 30 JUL 19:10
Legislation.xml: eXpat passes = 1325; Xpact-core passes = 1978 (x1.49 to eXpat)

2026 31 JUL 10:21
Legislation.xml: eXpat passes = 1305; Xpact-core passes = 151730 (x1.1627 to eXpat)

2026 31 JUL 11:21
Legislation.xml: eXpat passes = 1313; Xpact-core passes = 151236 (x1.1518 to eXpat)

2026 31 JUL 11:27
Legislation.xml: eXpat passes = 1318; Xpact-core passes = 147848 (x1.1218 to eXpat)

2026 31 JUL 11:59
Legislation.xml: eXpat passes = 1321; Xpact-core passes = 2017 (x1.53 to eXpat)

2026 31 JUL 12:00
Legislation.xml: eXpat passes = 1317; Xpact-core passes = 2038 (x1.55 to eXpat)

2026 31 JUL 14:36
Legislation.xml: eXpat passes = 1324; Xpact-core passes = 2051 (x1.55 to eXpat)

2026 03 AUG 8:47
Legislation.xml: eXpat passes = 1320; Xpact-core passes = 1939 (x1.47 to eXpat)

2026 03 AUG 8:55
Legislation.xml: eXpat passes = 1325; Xpact-core passes = 1955 (x1.48 to eXpat)

2026 04 AUG 10:29
Legislation.xml: eXpat passes = 1324; Xpact-core passes = 1883 (x1.42 to eXpat)

2026 07 AUG 7:57
Legislation.xml: eXpat passes = 1320; Xpact-core passes = 1925 (x1.46 to eXpat)

2026 08 AUG 18:47
Legislation.xml: eXpat passes = 1324; Xpact-core passes = 1792 (x1.35 to eXpat)

2026 10 AUG 10:45
Legislation.xml: eXpat passes = 1326; Xpact-core passes = 1632 (x1.23 to eXpat)

2026 10 AUG 13:16
Legislation.xml: eXpat passes = 1316; Xpact-core passes = 1581 (x1.20 to eXpat)

2026 10 AUG 23:45
Legislation.xml: eXpat passes = 1320; Xpact-core passes = 1582 (x1.20 to eXpat)

2026 14 AUG 22:49
Legislation.xml: eXpat passes = 1315; Xpact-core passes = 1582 (x1.20 to eXpat)

2026 17 AUG 8:58
Legislation.xml: eXpat passes = 1325; Xpact-core passes = 1533 (x1.16 to eXpat)
