Log of benchmarks for parsing small file: Legislation.xml

2026 26 JUN 14:05
Legislation.xml: eXpat passes = 1280; Xpact-core passes = 1432 (x1.12 to eXpat)

2026 26 JUN 14:18
Legislation.xml: eXpat passes = 1275; Xpact-core passes = 1445 (x1.13 to eXpat)

2026 26 JUN 15:59
Using early tag_name lookup and argument pointers
Legislation.xml: eXpat passes = 1257; Xpact-core passes = 1345 (x1.07 to eXpat)

2026 26 JUN 16:53
Legislation.xml: eXpat passes = 1272; Xpact-core passes = 1365 (x1.07 to eXpat)

2026 26 JUN 19:03
Legislation.xml: eXpat passes = 1281; Xpact-core passes = 1385 (x1.08 to eXpat)

2026 26 JUN 19:46
Legislation.xml: eXpat passes = 1272; Xpact-core passes = 1365 (x1.07 to eXpat)

2026 29 JUN 15:08
Legislation.xml: eXpat passes = 1276; Xpact-core passes = 1286 (x1.01 to eXpat)

2026 29 JUN 18:25
Legislation.xml: eXpat passes = 1279; Xpact-core passes = 1339 (x1.05 to eXpat)

2026 29 JUN 18:41
Legislation.xml: eXpat passes = 1277; Xpact-core passes = 1326 (x1.04 to eXpat)

2026 08 JUL 15:35
Legislation.xml: eXpat passes = 1257; Xpact-core passes = 1546 (x1.23 to eXpat)

2026 08 JUL 15:37
Legislation.xml: eXpat passes = 1274; Xpact-core passes = 1544 (x1.21 to eXpat)

2026 08 JUL 16:06
Legislation.xml: eXpat passes = 1276; Xpact-core passes = 1576 (x1.24 to eXpat)

2026 08 JUL 18:44
Legislation.xml: eXpat passes = 1271; Xpact-core passes = 1562 (x1.23 to eXpat)

2026 09 JUL 10:02
Legislation.xml: eXpat passes = 1280; Xpact-core passes = 1563 (x1.22 to eXpat)

2026 10 JUL 21:13
Legislation.xml: eXpat passes = 1266; Xpact-core passes = 1497 (x1.18 to eXpat)

2026 10 JUL 21:18
Legislation.xml: eXpat passes = 1270; Xpact-core passes = 1604 (x1.26 to eXpat)

2026 16 JUL 19:24
Legislation.xml: eXpat passes = 1272; Xpact-core passes = 1359 (x1.07 to eXpat)

2026 17 JUL 10:52  -- Using section_state instead of in_cdata_section
Legislation.xml: eXpat passes = 1279; Xpact-core passes = 1355 (x1.06 to eXpat)

2026 23 JUL 18:12
Legislation.xml: eXpat passes = 1272; Xpact-core passes = 1521 (x1.20 to eXpat)

2026 23 JUL 23:09
-- experiment with tag_name_stack
Legislation.xml: eXpat passes = 1277; Xpact-core passes = 1481 (x1.16 to eXpat)

2026 24 JUL 19:28
Legislation.xml: eXpat passes = 1280; Xpact-core passes = 1514 (x1.18 to eXpat)

2026 25 JUL 7:39
Legislation.xml: eXpat passes = 1273; Xpact-core passes = 1574 (x1.24 to eXpat)

2026 25 JUL 9:58
Legislation.xml: eXpat passes = 1265; Xpact-core passes = 1609 (x1.27 to eXpat)

2026 25 JUL 10:04
Legislation.xml: eXpat passes = 1266; Xpact-core passes = 1631 (x1.29 to eXpat)

2026 26 JUL 12:28
Legislation.xml: eXpat passes = 1272; Xpact-core passes = 1617 (x1.27 to eXpat)

2026 26 JUL 12:30
Legislation.xml: eXpat passes = 1269; Xpact-core passes = 1618 (x1.28 to eXpat)

2026 27 JUL 19:59
Legislation.xml: eXpat passes = 1289; Xpact-core passes = 1607 (x1.25 to eXpat)

2026 29 JUL 14:03
Legislation.xml: eXpat passes = 1295; Xpact-core passes = 1583 (x1.22 to eXpat)

2026 30 JUL 19:13
Legislation.xml: eXpat passes = 1246; Xpact-core passes = 1705 (x1.37 to eXpat)

2026 31 JUL 10:24
Legislation.xml: eXpat passes = 1287; Xpact-core passes = 142657 (x1.1084 to eXpat)

2026 31 JUL 11:27
Legislation.xml: eXpat passes = 1304; Xpact-core passes = 139846 (x1.0724 to eXpat)

2026 31 JUL 11:59
Legislation.xml: eXpat passes = 1282; Xpact-core passes = 1719 (x1.34 to eXpat)

2026 31 JUL 12:04
Legislation.xml: eXpat passes = 1291; Xpact-core passes = 1715 (x1.33 to eXpat)

2026 31 JUL 14:39
Legislation.xml: eXpat passes = 1285; Xpact-core passes = 1763 (x1.37 to eXpat)

2026 03 AUG 8:47
Legislation.xml: eXpat passes = 1290; Xpact-core passes = 1667 (x1.29 to eXpat)

2026 03 AUG 8:58
Legislation.xml: eXpat passes = 1287; Xpact-core passes = 1595 (x1.24 to eXpat)

2026 04 AUG 10:32
Legislation.xml: eXpat passes = 1281; Xpact-core passes = 1573 (x1.23 to eXpat)

2026 04 AUG 23:00
Legislation.xml: eXpat passes = 1289; Xpact-core passes = 1598 (x1.24 to eXpat)

2026 04 AUG 23:06
Legislation.xml: eXpat passes = 1287; Xpact-core passes = 1598 (x1.24 to eXpat)

2026 04 AUG 23:21
Legislation.xml: eXpat passes = 1296; Xpact-core passes = 1587 (x1.22 to eXpat)

2026 07 AUG 8:00
Legislation.xml: eXpat passes = 1279; Xpact-core passes = 1604 (x1.25 to eXpat)

2026 08 AUG 10:53
Legislation.xml: eXpat passes = 1279; Xpact-core passes = 1602 (x1.25 to eXpat)

2026 08 AUG 17:50
Legislation.xml: eXpat passes = 1285; Xpact-core passes = 1469 (x1.14 to eXpat)

2026 08 AUG 18:36
Legislation.xml: eXpat passes = 1273; Xpact-core passes = 1484 (x1.17 to eXpat)

2026 10 AUG 10:48
Legislation.xml: eXpat passes = 1290; Xpact-core passes = 1391 (x1.08 to eXpat)

2026 10 AUG 13:19
Legislation.xml: eXpat passes = 1285; Xpact-core passes = 1366 (x1.06 to eXpat)

2026 10 AUG 23:17
Legislation.xml: eXpat passes = 1287; Xpact-core passes = 1345 (x1.05 to eXpat)

2026 10 AUG 23:42
Legislation.xml: eXpat passes = 1283; Xpact-core passes = 1347 (x1.05 to eXpat)

2026 11 AUG 8:11
Proved better distribution if you use character after ':' to calculate name table hash
Legislation.xml: eXpat passes = 1282; Xpact-core passes = 1371 (x1.07 to eXpat)

2026 11 AUG 9:24
Legislation.xml: eXpat passes = 1285; Xpact-core passes = 1358 (x1.06 to eXpat)

2026 11 AUG 9:25
Legislation.xml: eXpat passes = 1285; Xpact-core passes = 1364 (x1.06 to eXpat)
