Log of benchmarks for parsing file: Legislation.xml

2026 16 JUL 19:20
Legislation.xml: eXpat passes = 1151; Xpact-core passes = 1248 (x1.08 to eXpat)

2026 20 JUL 8:47 -- Using section_state instead of in_cdata_section
Legislation.xml: eXpat passes = 1150; Xpact-core passes = 1230 (x1.07 to eXpat)

2026 24 JUL 19:25
Legislation.xml: eXpat passes = 1159; Xpact-core passes = 1328 (x1.15 to eXpat)

2026 25 JUL 7:21
Legislation.xml: eXpat passes = 1160; Xpact-core passes = 1423 (x1.23 to eXpat)

2026 25 JUL 10:00
Legislation.xml: eXpat passes = 1156; Xpact-core passes = 1407 (x1.22 to eXpat)

2026 25 JUL 10:09
Legislation.xml: eXpat passes = 1155; Xpact-core passes = 1412 (x1.22 to eXpat)

2026 26 JUL 12:31
Legislation.xml: eXpat passes = 1135; Xpact-core passes = 1416 (x1.25 to eXpat)

2026 27 JUL 19:56
Legislation.xml: eXpat passes = 1171; Xpact-core passes = 1401 (x1.20 to eXpat)

2026 29 JUL 13:59
Legislation.xml: eXpat passes = 1175; Xpact-core passes = 1393 (x1.19 to eXpat)

2026 30 JUL 19:10
Legislation.xml: eXpat passes = 1168; Xpact-core passes = 1529 (x1.31 to eXpat)

2026 31 JUL 10:21
Legislation.xml: eXpat passes = 1174; Xpact-core passes = 150390 (x1.2810 to eXpat)

2026 31 JUL 11:59
Legislation.xml: eXpat passes = 1169; Xpact-core passes = 1557 (x1.33 to eXpat)

2026 31 JUL 12:00
Legislation.xml: eXpat passes = 1173; Xpact-core passes = 1564 (x1.33 to eXpat)

2026 31 JUL 14:36
Legislation.xml: eXpat passes = 1167; Xpact-core passes = 1599 (x1.37 to eXpat)

2026 03 AUG 8:48
Legislation.xml: eXpat passes = 1172; Xpact-core passes = 1504 (x1.28 to eXpat)

2026 03 AUG 8:55
Legislation.xml: eXpat passes = 1168; Xpact-core passes = 1507 (x1.29 to eXpat)

2026 04 AUG 10:30
Legislation.xml: eXpat passes = 1176; Xpact-core passes = 1488 (x1.27 to eXpat)

2026 07 AUG 7:57
Legislation.xml: eXpat passes = 1158; Xpact-core passes = 1492 (x1.29 to eXpat)

2026 08 AUG 18:47
Legislation.xml: eXpat passes = 1168; Xpact-core passes = 1434 (x1.23 to eXpat)

2026 10 AUG 10:45
Legislation.xml: eXpat passes = 1169; Xpact-core passes = 1318 (x1.13 to eXpat)

2026 10 AUG 13:16
Legislation.xml: eXpat passes = 1174; Xpact-core passes = 1279 (x1.09 to eXpat)

2026 10 AUG 23:45
Legislation.xml: eXpat passes = 1177; Xpact-core passes = 1255 (x1.07 to eXpat)

2026 14 AUG 22:50
Legislation.xml: eXpat passes = 1166; Xpact-core passes = 1278 (x1.10 to eXpat)

2026 17 AUG 8:58
Legislation.xml: eXpat passes = 1187; Xpact-core passes = 1258 (x1.06 to eXpat)

2026 20 AUG 19:29
Legislation.xml: eXpat passes = 1175; Xpact-core passes = 1299 (x1.11 to eXpat)
