Log of benchmarks for parsing file: Legislation.xml

2026 16 JUL 18:14


2026 16 JUL 19:20
Legislation.xml: eXpat passes = 1277; Xpact-core passes = 1449 (x1.13 to eXpat)

2026 20 JUL 8:47 -- Using section_state instead of in_cdata_section
Legislation.xml: eXpat passes = 1287; Xpact-core passes = 1478 (x1.15 to eXpat)

2026 24 JUL 19:25
Legislation.xml: eXpat passes = 1281; Xpact-core passes = 1636 (x1.28 to eXpat)

2026 25 JUL 7:21
Legislation.xml: eXpat passes = 1289; Xpact-core passes = 1779 (x1.38 to eXpat)

2026 25 JUL 10:00
Legislation.xml: eXpat passes = 1272; Xpact-core passes = 1774 (x1.39 to eXpat)

2026 25 JUL 10:09
Legislation.xml: eXpat passes = 1288; Xpact-core passes = 1784 (x1.39 to eXpat)

2026 26 JUL 12:31
Legislation.xml: eXpat passes = 1267; Xpact-core passes = 1764 (x1.39 to eXpat)

2026 27 JUL 19:56
Legislation.xml: eXpat passes = 1302; Xpact-core passes = 1755 (x1.35 to eXpat)

2026 29 JUL 13:59
Legislation.xml: eXpat passes = 1308; Xpact-core passes = 1712 (x1.31 to eXpat)

2026 30 JUL 19:10
Legislation.xml: eXpat passes = 1307; Xpact-core passes = 1927 (x1.47 to eXpat)

2026 31 JUL 10:21
Legislation.xml: eXpat passes = 1321; Xpact-core passes = 149735 (x1.1335 to eXpat)

2026 31 JUL 11:59
Legislation.xml: eXpat passes = 1303; Xpact-core passes = 1897 (x1.46 to eXpat)

2026 31 JUL 12:00
Legislation.xml: eXpat passes = 1304; Xpact-core passes = 1917 (x1.47 to eXpat)

2026 31 JUL 14:36
Legislation.xml: eXpat passes = 1313; Xpact-core passes = 1988 (x1.51 to eXpat)

2026 03 AUG 8:48
Legislation.xml: eXpat passes = 1295; Xpact-core passes = 1824 (x1.41 to eXpat)

2026 03 AUG 8:55
Legislation.xml: eXpat passes = 1300; Xpact-core passes = 1865 (x1.43 to eXpat)
