Log of benchmarks for parsing file: DTD-attlist-default-values.xml

2026 26 JUL 12:32
DTD-attlist-default-values.xml: eXpat passes = 212; Xpact-core passes = 249 (x1.17 to eXpat)

2026 27 JUL 19:57
DTD-attlist-default-values.xml: eXpat passes = 211; Xpact-core passes = 245 (x1.16 to eXpat)

2026 29 JUL 14:00
DTD-attlist-default-values.xml: eXpat passes = 211; Xpact-core passes = 243 (x1.15 to eXpat)

2026 30 JUL 19:10
DTD-attlist-default-values.xml: eXpat passes = 208; Xpact-core passes = 270 (x1.30 to eXpat)

2026 31 JUL 10:21
DTD-attlist-default-values.xml: eXpat passes = 211; Xpact-core passes = 9134 (x4.329 to eXpat)

2026 31 JUL 12:48
DTD-attlist-default-values.xml: eXpat passes = 212; Xpact-core passes = 275 (x1.30 to eXpat)

2026 31 JUL 13:54
DTD-attlist-default-values.xml: eXpat passes = 210; Xpact-core passes = 283 (x1.35 to eXpat)

2026 31 JUL 14:36
DTD-attlist-default-values.xml: eXpat passes = 212; Xpact-core passes = 281 (x1.33 to eXpat)

2026 03 AUG 8:56
DTD-attlist-default-values.xml: eXpat passes = 212; Xpact-core passes = 274 (x1.29 to eXpat)

2026 10 AUG 13:51
DTD-attlist-default-values.xml: eXpat passes = 212; Xpact-core passes = 232 (x1.09 to eXpat)

2026 10 AUG 23:45
DTD-attlist-default-values.xml: eXpat passes = 212; Xpact-core passes = 228 (x1.08 to eXpat)

2026 17 AUG 8:58
DTD-attlist-default-values.xml: eXpat passes = 212; Xpact-core passes = 223 (x1.05 to eXpat)

2026 20 AUG 19:28
DTD-attlist-default-values.xml: eXpat passes = 212; Xpact-core passes = 231 (x1.09 to eXpat)

2026 27 AUG 10:39
DTD-attlist-default-values.xml: eXpat passes = 212; Xpact-core passes = 242 (x1.14 to eXpat)

2026 29 AUG 16:48
DTD-attlist-default-values.xml: eXpat passes = 211; Xpact-core passes = 205 (x0.97 to eXpat)

2026 29 AUG 23:22
DTD-attlist-default-values.xml: eXpat passes = 212; Xpact-core passes = 229 (x1.08 to eXpat)

2026 30 AUG 8:17
DTD-attlist-default-values.xml: eXpat passes = 212; Xpact-core passes = 228 (x1.08 to eXpat)

2026 30 AUG 9:56
DTD-attlist-default-values.xml: eXpat passes = 211; Xpact-core passes = 241 (x1.14 to eXpat)

2026 30 AUG 11:14
DTD-attlist-default-values.xml: eXpat passes = 212; Xpact-core passes = 241 (x1.14 to eXpat)

2026 30 AUG 11:40
DTD-attlist-default-values.xml: eXpat passes = 205; Xpact-core passes = 241 (x1.18 to eXpat)

2026 30 AUG 15:58
DTD-attlist-default-values.xml: eXpat passes = 212; Xpact-core passes = 244 (x1.15 to eXpat)

2026 30 AUG 16:17
DTD-attlist-default-values.xml: eXpat passes = 210; Xpact-core passes = 243 (x1.16 to eXpat)

2026 04 SEP 15:58
DTD-attlist-default-values.xml: eXpat passes = 212; Xpact-core passes = 242 (x1.14 to eXpat)
